============================= test session starts =============================
platform win32 -- Python 3.11.9, pytest-7.4.3, pluggy-1.6.0 -- C:\Users\SOMA KA LAPTOP LUND\Documents\Verbatim\venv\Scripts\python.exe
cachedir: .pytest_cache
rootdir: C:\Users\SOMA KA LAPTOP LUND\Documents\Verbatim
plugins: anyio-3.7.1, asyncio-0.21.1, cov-4.1.0
asyncio: mode=Mode.STRICT
collecting ... collected 55 items

tests/test_auth.py::test_validate_auth_no_credentials PASSED             [  1%]
tests/test_auth.py::test_login_missing_credentials PASSED                [  3%]
tests/test_auth.py::test_health_includes_database PASSED                 [  5%]
tests/test_catalog.py::test_list_products_empty PASSED                   [  7%]
tests/test_catalog.py::test_get_product_not_found PASSED                 [  9%]
tests/test_catalog.py::test_get_product_invalid_id_format PASSED         [ 10%]
tests/test_catalog.py::test_cache_status_endpoint PASSED                 [ 12%]
tests/test_decision_engine_policy.py::test_policy_masks_live_unsafe_actions_for_db PASSED [ 14%]
tests/test_decision_engine_policy.py::test_policy_defaults_to_restart_for_unseen_state PASSED [ 16%]
tests/test_decision_engine_policy.py::test_policy_rejects_stale_q_table_shape PASSED [ 18%]
tests/test_decision_engine_safety.py::test_safety_gate_blocks_cooldown PASSED [ 20%]
tests/test_decision_engine_safety.py::test_safety_gate_blocks_duplicate_incident PASSED [ 21%]
tests/test_decision_engine_safety.py::test_safety_gate_blocks_service_already_in_flight PASSED [ 23%]
tests/test_decision_engine_service.py::test_process_emits_decision_and_rl_events PASSED [ 25%]
tests/test_decision_engine_service.py::test_process_skips_non_actionable_all_zero_state PASSED [ 27%]
tests/test_decision_engine_service.py::test_process_blocks_service_after_action_is_marked_fired PASSED [ 29%]
tests/test_decision_engine_training.py::test_q_trainer_generates_non_empty_q_table PASSED [ 30%]
tests/test_detection_prometheus_client.py::test_p95_latency_query_uses_valid_histogram_quantile PASSED [ 32%]
tests/test_detection_prometheus_client.py::test_request_rate_query_aggregates_by_service_and_endpoint PASSED [ 34%]
tests/test_detection_prometheus_client.py::test_error_rate_queries_use_status_filter_and_aggregation PASSED [ 36%]
tests/test_detection_prometheus_client.py::test_p95_latency_falls_back_to_longer_window_when_short_window_is_nan PASSED [ 38%]
tests/test_feedback_loop.py::test_feedback_loop_happy_path_releases_registry_and_updates_qtable FAILED [ 40%]

================================== FAILURES ===================================
_____ test_feedback_loop_happy_path_releases_registry_and_updates_qtable ______
tests\test_feedback_loop.py:134: in test_feedback_loop_happy_path_releases_registry_and_updates_qtable
    assert result.outcome == "RECOVERED"
E   AssertionError: assert 'REMEDIATION_INEFFECTIVE' == 'RECOVERED'
E     - RECOVERED
E     + REMEDIATION_INEFFECTIVE
============================== warnings summary ===============================
venv\Lib\site-packages\opentelemetry\instrumentation\dependencies.py:4
  C:\Users\SOMA KA LAPTOP LUND\Documents\Verbatim\venv\Lib\site-packages\opentelemetry\instrumentation\dependencies.py:4: DeprecationWarning: pkg_resources is deprecated as an API. See https://setuptools.pypa.io/en/latest/pkg_resources.html
    from pkg_resources import (

models.py:28
  C:\Users\SOMA KA LAPTOP LUND\Documents\Verbatim\models.py:28: MovedIn20Warning: The ``declarative_base()`` function is now available as sqlalchemy.orm.declarative_base(). (deprecated since: 2.0) (Background on SQLAlchemy 2.0 at: https://sqlalche.me/e/b8d9)
    Base = declarative_base()

venv\Lib\site-packages\pydantic\_internal\_config.py:268
venv\Lib\site-packages\pydantic\_internal\_config.py:268
venv\Lib\site-packages\pydantic\_internal\_config.py:268
venv\Lib\site-packages\pydantic\_internal\_config.py:268
  C:\Users\SOMA KA LAPTOP LUND\Documents\Verbatim\venv\Lib\site-packages\pydantic\_internal\_config.py:268: PydanticDeprecatedSince20: Support for class-based `config` is deprecated, use ConfigDict instead. Deprecated in Pydantic V2.0 to be removed in V3.0. See Pydantic V2 Migration Guide at https://errors.pydantic.dev/2.5/migration/
    warnings.warn(DEPRECATION_MESSAGE, DeprecationWarning)

tests\test_auth.py:7
  C:\Users\SOMA KA LAPTOP LUND\Documents\Verbatim\tests\test_auth.py:7: PytestUnknownMarkWarning: Unknown pytest.mark.unit - is this a typo?  You can register custom marks to avoid this warning - for details, see https://docs.pytest.org/en/stable/how-to/mark.html
    @pytest.mark.unit

tests\test_auth.py:17
  C:\Users\SOMA KA LAPTOP LUND\Documents\Verbatim\tests\test_auth.py:17: PytestUnknownMarkWarning: Unknown pytest.mark.unit - is this a typo?  You can register custom marks to avoid this warning - for details, see https://docs.pytest.org/en/stable/how-to/mark.html
    @pytest.mark.unit

tests\test_auth.py:25
  C:\Users\SOMA KA LAPTOP LUND\Documents\Verbatim\tests\test_auth.py:25: PytestUnknownMarkWarning: Unknown pytest.mark.requires_db - is this a typo?  You can register custom marks to avoid this warning - for details, see https://docs.pytest.org/en/stable/how-to/mark.html
    @pytest.mark.requires_db

tests\test_catalog.py:7
  C:\Users\SOMA KA LAPTOP LUND\Documents\Verbatim\tests\test_catalog.py:7: PytestUnknownMarkWarning: Unknown pytest.mark.unit - is this a typo?  You can register custom marks to avoid this warning - for details, see https://docs.pytest.org/en/stable/how-to/mark.html
    @pytest.mark.unit

tests\test_catalog.py:17
  C:\Users\SOMA KA LAPTOP LUND\Documents\Verbatim\tests\test_catalog.py:17: PytestUnknownMarkWarning: Unknown pytest.mark.unit - is this a typo?  You can register custom marks to avoid this warning - for details, see https://docs.pytest.org/en/stable/how-to/mark.html
    @pytest.mark.unit

tests\test_catalog.py:26
  C:\Users\SOMA KA LAPTOP LUND\Documents\Verbatim\tests\test_catalog.py:26: PytestUnknownMarkWarning: Unknown pytest.mark.unit - is this a typo?  You can register custom marks to avoid this warning - for details, see https://docs.pytest.org/en/stable/how-to/mark.html
    @pytest.mark.unit

tests\test_catalog.py:34
  C:\Users\SOMA KA LAPTOP LUND\Documents\Verbatim\tests\test_catalog.py:34: PytestUnknownMarkWarning: Unknown pytest.mark.unit - is this a typo?  You can register custom marks to avoid this warning - for details, see https://docs.pytest.org/en/stable/how-to/mark.html
    @pytest.mark.unit

tests\test_order.py:8
  C:\Users\SOMA KA LAPTOP LUND\Documents\Verbatim\tests\test_order.py:8: PytestUnknownMarkWarning: Unknown pytest.mark.unit - is this a typo?  You can register custom marks to avoid this warning - for details, see https://docs.pytest.org/en/stable/how-to/mark.html
    @pytest.mark.unit

tests\test_order.py:22
  C:\Users\SOMA KA LAPTOP LUND\Documents\Verbatim\tests\test_order.py:22: PytestUnknownMarkWarning: Unknown pytest.mark.unit - is this a typo?  You can register custom marks to avoid this warning - for details, see https://docs.pytest.org/en/stable/how-to/mark.html
    @pytest.mark.unit

tests\test_order.py:36
  C:\Users\SOMA KA LAPTOP LUND\Documents\Verbatim\tests\test_order.py:36: PytestUnknownMarkWarning: Unknown pytest.mark.unit - is this a typo?  You can register custom marks to avoid this warning - for details, see https://docs.pytest.org/en/stable/how-to/mark.html
    @pytest.mark.unit

tests\test_order.py:45
  C:\Users\SOMA KA LAPTOP LUND\Documents\Verbatim\tests\test_order.py:45: PytestUnknownMarkWarning: Unknown pytest.mark.unit - is this a typo?  You can register custom marks to avoid this warning - for details, see https://docs.pytest.org/en/stable/how-to/mark.html
    @pytest.mark.unit

tests\test_payment.py:8
  C:\Users\SOMA KA LAPTOP LUND\Documents\Verbatim\tests\test_payment.py:8: PytestUnknownMarkWarning: Unknown pytest.mark.unit - is this a typo?  You can register custom marks to avoid this warning - for details, see https://docs.pytest.org/en/stable/how-to/mark.html
    @pytest.mark.unit

tests\test_payment.py:23
  C:\Users\SOMA KA LAPTOP LUND\Documents\Verbatim\tests\test_payment.py:23: PytestUnknownMarkWarning: Unknown pytest.mark.unit - is this a typo?  You can register custom marks to avoid this warning - for details, see https://docs.pytest.org/en/stable/how-to/mark.html
    @pytest.mark.unit

tests\test_payment.py:36
  C:\Users\SOMA KA LAPTOP LUND\Documents\Verbatim\tests\test_payment.py:36: PytestUnknownMarkWarning: Unknown pytest.mark.unit - is this a typo?  You can register custom marks to avoid this warning - for details, see https://docs.pytest.org/en/stable/how-to/mark.html
    @pytest.mark.unit

tests\test_payment.py:49
  C:\Users\SOMA KA LAPTOP LUND\Documents\Verbatim\tests\test_payment.py:49: PytestUnknownMarkWarning: Unknown pytest.mark.unit - is this a typo?  You can register custom marks to avoid this warning - for details, see https://docs.pytest.org/en/stable/how-to/mark.html
    @pytest.mark.unit

-- Docs: https://docs.pytest.org/en/stable/how-to/capture-warnings.html
=========================== short test summary info ===========================
FAILED tests/test_feedback_loop.py::test_feedback_loop_happy_path_releases_registry_and_updates_qtable
!!!!!!!!!!!!!!!!!!!!!!!!!! stopping after 1 failures !!!!!!!!!!!!!!!!!!!!!!!!!!
================== 1 failed, 21 passed, 21 warnings in 1.32s ==================
